F401 [*] `typing.Any` imported but unused
 --> draw\draw_common.py:5:20
  |
3 | from __future__ import annotations
4 |
5 | from typing import Any
  |                    ^^^
6 | from dataclasses import dataclass, field
  |
help: Remove unused import: `typing.Any`

F841 Local variable `area` is assigned to but never used
   --> draw\draw_polygon.py:245:9
    |
243 |         # ?ロ엺 ??由ъ뒪??(留덉?留?= ?쒖옉??蹂듭궗???대? ?ы븿??
244 |         points = self._points.copy()
245 |         area = polygon_area(points)
    |         ^^^^
246 |         obj = PolygonObject(
247 |             points=points,
    |
help: Remove assignment to unused variable `area`

F841 Local variable `n` is assigned to but never used
    --> ui\layer_dock.py:1438:9
     |
1436 |         mod = getattr(self, "_last_modifier", None)
1437 |         objs = self.popup._get_current_draw_objects()
1438 |         n = len(objs)
     |         ^
1439 |         if mod == Qt.KeyboardModifier.ControlModifier:
1440 |             if draw_index in self._selected_draw_indices:
     |
help: Remove assignment to unused variable `n`

Found 3 errors.
[*] 1 fixable with the `--fix` option (2 hidden fixes can be enabled with the `--unsafe-fixes` option).
